Archive member included because of file (symbol)

/home/marko/Programming/arm-gcc/gcc-arm-none-eabi-4_9-2015q3/bin/../lib/gcc/arm-none-eabi/4.9.3/../../../../arm-none-eabi/lib/armv7e-m/libg.a(lib_a-errno.o)
                              ./system/src/newlib/_sbrk.o (__errno)
/home/marko/Programming/arm-gcc/gcc-arm-none-eabi-4_9-2015q3/bin/../lib/gcc/arm-none-eabi/4.9.3/../../../../arm-none-eabi/lib/armv7e-m/libg.a(lib_a-impure.o)
                              /home/marko/Programming/arm-gcc/gcc-arm-none-eabi-4_9-2015q3/bin/../lib/gcc/arm-none-eabi/4.9.3/../../../../arm-none-eabi/lib/armv7e-m/libg.a(lib_a-errno.o) (_impure_ptr)
/home/marko/Programming/arm-gcc/gcc-arm-none-eabi-4_9-2015q3/bin/../lib/gcc/arm-none-eabi/4.9.3/../../../../arm-none-eabi/lib/armv7e-m/libg.a(lib_a-strlen.o)
                              ./system/src/diag/Trace.o (strlen)
/home/marko/Programming/arm-gcc/gcc-arm-none-eabi-4_9-2015q3/bin/../lib/gcc/arm-none-eabi/4.9.3/../../../../arm-none-eabi/lib/armv7e-m/libg.a(lib_a-vsnprintf.o)
                              ./system/src/diag/Trace.o (vsnprintf)
/home/marko/Programming/arm-gcc/gcc-arm-none-eabi-4_9-2015q3/bin/../lib/gcc/arm-none-eabi/4.9.3/../../../../arm-none-eabi/lib/armv7e-m/libg.a(lib_a-svfprintf.o)
                              /home/marko/Programming/arm-gcc/gcc-arm-none-eabi-4_9-2015q3/bin/../lib/gcc/arm-none-eabi/4.9.3/../../../../arm-none-eabi/lib/armv7e-m/libg.a(lib_a-vsnprintf.o) (_svfprintf_r)
/home/marko/Programming/arm-gcc/gcc-arm-none-eabi-4_9-2015q3/bin/../lib/gcc/arm-none-eabi/4.9.3/../../../../arm-none-eabi/lib/armv7e-m/libg.a(lib_a-dtoa.o)
                              /home/marko/Programming/arm-gcc/gcc-arm-none-eabi-4_9-2015q3/bin/../lib/gcc/arm-none-eabi/4.9.3/../../../../arm-none-eabi/lib/armv7e-m/libg.a(lib_a-svfprintf.o) (_dtoa_r)
/home/marko/Programming/arm-gcc/gcc-arm-none-eabi-4_9-2015q3/bin/../lib/gcc/arm-none-eabi/4.9.3/../../../../arm-none-eabi/lib/armv7e-m/libg.a(lib_a-locale.o)
                              /home/marko/Programming/arm-gcc/gcc-arm-none-eabi-4_9-2015q3/bin/../lib/gcc/arm-none-eabi/4.9.3/../../../../arm-none-eabi/lib/armv7e-m/libg.a(lib_a-svfprintf.o) (_localeconv_r)
/home/marko/Programming/arm-gcc/gcc-arm-none-eabi-4_9-2015q3/bin/../lib/gcc/arm-none-eabi/4.9.3/../../../../arm-none-eabi/lib/armv7e-m/libg.a(lib_a-mallocr.o)
                              /home/marko/Programming/arm-gcc/gcc-arm-none-eabi-4_9-2015q3/bin/../lib/gcc/arm-none-eabi/4.9.3/../../../../arm-none-eabi/lib/armv7e-m/libg.a(lib_a-svfprintf.o) (_malloc_r)
/home/marko/Programming/arm-gcc/gcc-arm-none-eabi-4_9-2015q3/bin/../lib/gcc/arm-none-eabi/4.9.3/../../../../arm-none-eabi/lib/armv7e-m/libg.a(lib_a-memchr.o)
                              /home/marko/Programming/arm-gcc/gcc-arm-none-eabi-4_9-2015q3/bin/../lib/gcc/arm-none-eabi/4.9.3/../../../../arm-none-eabi/lib/armv7e-m/libg.a(lib_a-svfprintf.o) (memchr)
/home/marko/Programming/arm-gcc/gcc-arm-none-eabi-4_9-2015q3/bin/../lib/gcc/arm-none-eabi/4.9.3/../../../../arm-none-eabi/lib/armv7e-m/libg.a(lib_a-memcpy.o)
                              /home/marko/Programming/arm-gcc/gcc-arm-none-eabi-4_9-2015q3/bin/../lib/gcc/arm-none-eabi/4.9.3/../../../../arm-none-eabi/lib/armv7e-m/libg.a(lib_a-dtoa.o) (memcpy)
/home/marko/Programming/arm-gcc/gcc-arm-none-eabi-4_9-2015q3/bin/../lib/gcc/arm-none-eabi/4.9.3/../../../../arm-none-eabi/lib/armv7e-m/libg.a(lib_a-mlock.o)
                              /home/marko/Programming/arm-gcc/gcc-arm-none-eabi-4_9-2015q3/bin/../lib/gcc/arm-none-eabi/4.9.3/../../../../arm-none-eabi/lib/armv7e-m/libg.a(lib_a-mallocr.o) (__malloc_lock)
/home/marko/Programming/arm-gcc/gcc-arm-none-eabi-4_9-2015q3/bin/../lib/gcc/arm-none-eabi/4.9.3/../../../../arm-none-eabi/lib/armv7e-m/libg.a(lib_a-mprec.o)
                              /home/marko/Programming/arm-gcc/gcc-arm-none-eabi-4_9-2015q3/bin/../lib/gcc/arm-none-eabi/4.9.3/../../../../arm-none-eabi/lib/armv7e-m/libg.a(lib_a-dtoa.o) (_Balloc)
/home/marko/Programming/arm-gcc/gcc-arm-none-eabi-4_9-2015q3/bin/../lib/gcc/arm-none-eabi/4.9.3/../../../../arm-none-eabi/lib/armv7e-m/libg.a(lib_a-s_fpclassify.o)
                              /home/marko/Programming/arm-gcc/gcc-arm-none-eabi-4_9-2015q3/bin/../lib/gcc/arm-none-eabi/4.9.3/../../../../arm-none-eabi/lib/armv7e-m/libg.a(lib_a-svfprintf.o) (__fpclassifyd)
/home/marko/Programming/arm-gcc/gcc-arm-none-eabi-4_9-2015q3/bin/../lib/gcc/arm-none-eabi/4.9.3/../../../../arm-none-eabi/lib/armv7e-m/libg.a(lib_a-sbrkr.o)
                              /home/marko/Programming/arm-gcc/gcc-arm-none-eabi-4_9-2015q3/bin/../lib/gcc/arm-none-eabi/4.9.3/../../../../arm-none-eabi/lib/armv7e-m/libg.a(lib_a-mallocr.o) (_sbrk_r)
/home/marko/Programming/arm-gcc/gcc-arm-none-eabi-4_9-2015q3/bin/../lib/gcc/arm-none-eabi/4.9.3/../../../../arm-none-eabi/lib/armv7e-m/libg.a(lib_a-strcmp.o)
[...]
Memory Configuration

Name             Origin             Length             Attributes
RAM              0x20000000         0x00020000         xrw
CCMRAM           0x10000000         0x00010000         xrw
FLASH            0x08000000         0x00100000         xr
FLASHB1          0x00000000         0x00000000         xr
EXTMEMB0         0x00000000         0x00000000         xr
EXTMEMB1         0x00000000         0x00000000         xr
EXTMEMB2         0x00000000         0x00000000         xr
EXTMEMB3         0x00000000         0x00000000         xr
MEMORY_ARRAY     0x20002000         0x00000020         xrw
*default*        0x00000000         0xffffffff

Linker script and memory map

LOAD ./system/src/stm32f4-hal/stm32f4xx_hal.o
LOAD ./system/src/stm32f4-hal/stm32f4xx_hal_cortex.o
LOAD ./system/src/stm32f4-hal/stm32f4xx_hal_flash.o
LOAD ./system/src/stm32f4-hal/stm32f4xx_hal_gpio.o
LOAD ./system/src/stm32f4-hal/stm32f4xx_hal_iwdg.o
LOAD ./system/src/stm32f4-hal/stm32f4xx_hal_pwr.o
LOAD ./system/src/stm32f4-hal/stm32f4xx_hal_rcc.o
LOAD ./system/src/newlib/_cxx.o
LOAD ./system/src/newlib/_exit.o
LOAD ./system/src/newlib/_sbrk.o
LOAD ./system/src/newlib/_startup.o
LOAD ./system/src/newlib/_syscalls.o
LOAD ./system/src/newlib/assert.o
LOAD ./system/src/diag/Trace.o
LOAD ./system/src/diag/trace_impl.o
LOAD ./system/src/cortexm/_initialize_hardware.o
LOAD ./system/src/cortexm/_reset_hardware.o
LOAD ./system/src/cortexm/exception_handlers.o
LOAD ./system/src/cmsis/system_stm32f4xx.o
LOAD ./system/src/cmsis/vectors_stm32f407xx.o
LOAD ./src/clk.o
LOAD ./src/gpio.o
LOAD ./src/main.o
LOAD ./src/system_setup.o
LOAD ./src/timer.o
LOAD ./src/uart.o
LOAD /home/marko/Programming/arm-gcc/gcc-arm-none-eabi-4_9-2015q3/bin/../lib/gcc/arm-none-eabi/4.9.3/../../../../arm-none-eabi/lib/armv7e-m/libstdc++.a
LOAD /home/marko/Programming/arm-gcc/gcc-arm-none-eabi-4_9-2015q3/bin/../lib/gcc/arm-none-eabi/4.9.3/../../../../arm-none-eabi/lib/armv7e-m/libm.a
START GROUP
LOAD /home/marko/Programming/arm-gcc/gcc-arm-none-eabi-4_9-2015q3/bin/../lib/gcc/arm-none-eabi/4.9.3/armv7e-m/libgcc.a
LOAD /home/marko/Programming/arm-gcc/gcc-arm-none-eabi-4_9-2015q3/bin/../lib/gcc/arm-none-eabi/4.9.3/../../../../arm-none-eabi/lib/armv7e-m/libg.a
LOAD /home/marko/Programming/arm-gcc/gcc-arm-none-eabi-4_9-2015q3/bin/../lib/gcc/arm-none-eabi/4.9.3/../../../../arm-none-eabi/lib/armv7e-m/libc.a
END GROUP
                0x20020000                __stack = (ORIGIN (RAM) + 0x20000)
                0x20020000                _estack = __stack
                0x00000400                __Main_Stack_Size = 0x400
                0x00000400                PROVIDE (_Main_Stack_Size, __Main_Stack_Size)
                0x2001fc00                __Main_Stack_Limit = (__stack - __Main_Stack_Size)
                0x2001fc00                PROVIDE (_Main_Stack_Limit, __Main_Stack_Limit)
                0x00000100                _Minimum_Stack_Size = 0x100
                0x20000b68                PROVIDE (_Heap_Begin, _end_noinit)
                0x2001fc00                PROVIDE (_Heap_Limit, (__stack - __Main_Stack_Size))

.isr_vector     0x08000000      0x3ec
 FILL mask 0xff
                0x08000000                __vectors_start = ABSOLUTE (.)
                0x08000000                __vectors_start__ = ABSOLUTE (.)
 *(.isr_vector)
 .isr_vector    0x08000000      0x188 ./system/src/cmsis/vectors_stm32f407xx.o
                0x08000000                __isr_vectors
 *(.cfmconfig)
 *(.after_vectors .after_vectors.*)
 .after_vectors
                0x08000188      0x130 ./system/src/newlib/_startup.o
                0x08000188                _start
 .after_vectors
                0x080002b8      0x130 ./system/src/cortexm/exception_handlers.o
                0x080002b8                Reset_Handler
                0x080002c0                NMI_Handler
                0x080002c4                HardFault_Handler
                0x080002d8                HardFault_Handler_C
                0x08000338                MemManage_Handler
                0x0800033c                BusFault_Handler
                0x08000350                BusFault_Handler_C
                0x08000384                UsageFault_Handler
                0x08000398                UsageFault_Handler_C
                0x080003cc                SVC_Handler
                0x080003d0                DebugMon_Handler
                0x080003d4                PendSV_Handler
                0x080003d8                SysTick_Handler
 .after_vectors
                0x080003e8        0x4 ./system/src/cmsis/vectors_stm32f407xx.o
                0x080003e8                RTC_Alarm_IRQHandler
                0x080003e8                HASH_RNG_IRQHandler
                0x080003e8                EXTI2_IRQHandler
                0x080003e8                TIM8_CC_IRQHandler
                0x080003e8                TIM1_CC_IRQHandler
                0x080003e8                DMA2_Stream5_IRQHandler
                0x080003e8                DMA1_Stream5_IRQHandler
                0x080003e8                PVD_IRQHandler
                0x080003e8                SDIO_IRQHandler
                0x080003e8                TAMP_STAMP_IRQHandler
                0x080003e8                CAN2_RX1_IRQHandler
                0x080003e8                EXTI3_IRQHandler
                0x080003e8                TIM8_TRG_COM_TIM14_IRQHandler
                0x080003e8                TIM1_UP_TIM10_IRQHandler
                0x080003e8                TIM8_UP_TIM13_IRQHandler
                0x080003e8                I2C3_ER_IRQHandler
                0x080003e8                EXTI0_IRQHandler
                0x080003e8                I2C2_EV_IRQHandler
                0x080003e8                DMA1_Stream2_IRQHandler
                0x080003e8                CAN1_RX0_IRQHandler
                0x080003e8                FPU_IRQHandler
                0x080003e8                OTG_HS_WKUP_IRQHandler
                0x080003e8                CAN2_SCE_IRQHandler
                0x080003e8                DMA2_Stream2_IRQHandler
                0x080003e8                SPI1_IRQHandler
                0x080003e8                TIM6_DAC_IRQHandler
                0x080003e8                TIM1_BRK_TIM9_IRQHandler
                0x080003e8                DCMI_IRQHandler
                0x080003e8                CAN2_RX0_IRQHandler
                0x080003e8                DMA2_Stream3_IRQHandler
                0x080003e8                USART6_IRQHandler
                0x080003e8                CAN1_RX1_IRQHandler
                0x080003e8                UART5_IRQHandler
                0x080003e8                DMA2_Stream0_IRQHandler
                0x080003e8                TIM4_IRQHandler
                0x080003e8                I2C1_EV_IRQHandler
                0x080003e8                DMA1_Stream6_IRQHandler
                0x080003e8                DMA1_Stream1_IRQHandler
                0x080003e8                UART4_IRQHandler
                0x080003e8                TIM3_IRQHandler
                0x080003e8                RCC_IRQHandler
                0x080003e8                TIM8_BRK_TIM12_IRQHandler
                0x080003e8                Default_Handler
                0x080003e8                EXTI15_10_IRQHandler
                0x080003e8                ADC_IRQHandler
                0x080003e8                DMA1_Stream7_IRQHandler
                0x080003e8                TIM7_IRQHandler
                0x080003e8                CAN2_TX_IRQHandler
                0x080003e8                TIM5_IRQHandler
                0x080003e8                DMA2_Stream7_IRQHandler
                0x080003e8                I2C3_EV_IRQHandler
                0x080003e8                EXTI9_5_IRQHandler
                0x080003e8                RTC_WKUP_IRQHandler
                0x080003e8                ETH_WKUP_IRQHandler
                0x080003e8                SPI2_IRQHandler
                0x080003e8                OTG_HS_EP1_IN_IRQHandler
                0x080003e8                DMA1_Stream0_IRQHandler
                0x080003e8                CAN1_TX_IRQHandler
                0x080003e8                EXTI4_IRQHandler
                0x080003e8                ETH_IRQHandler
                0x080003e8                OTG_HS_EP1_OUT_IRQHandler
                0x080003e8                WWDG_IRQHandler
                0x080003e8                OTG_FS_WKUP_IRQHandler
                0x080003e8                TIM1_TRG_COM_TIM11_IRQHandler
                0x080003e8                OTG_HS_IRQHandler
                0x080003e8                EXTI1_IRQHandler
                0x080003e8                I2C2_ER_IRQHandler
                0x080003e8                DMA2_Stream1_IRQHandler
                0x080003e8                CAN1_SCE_IRQHandler
                0x080003e8                FLASH_IRQHandler
                0x080003e8                DMA2_Stream4_IRQHandler
                0x080003e8                USART1_IRQHandler
                0x080003e8                OTG_FS_IRQHandler
                0x080003e8                SPI3_IRQHandler
                0x080003e8                DMA1_Stream4_IRQHandler
                0x080003e8                I2C1_ER_IRQHandler
                0x080003e8                FMC_IRQHandler
                0x080003e8                DMA2_Stream6_IRQHandler
                0x080003e8                DMA1_Stream3_IRQHandler

.inits          0x080003ec       0x28
                0x080003ec                __data_regions_array_start = .
                0x080003ec        0x4 LONG 0x8005940 LOADADDR (.data)
                0x080003f0        0x4 LONG 0x20000000 ADDR (.data)
                0x080003f4        0x4 LONG 0x20000888 (ADDR (.data) + SIZEOF (.data))
                0x080003f8        0x4 LONG 0x8005940 LOADADDR (.data_CCMRAM)
                0x080003fc        0x4 LONG 0x10000000 ADDR (.data_CCMRAM)
                0x08000400        0x4 LONG 0x10000000 (ADDR (.data_CCMRAM) + SIZEOF (.data_CCMRAM))
                0x08000404                __data_regions_array_end = .
                0x08000404                __bss_regions_array_start = .
                0x08000404        0x4 LONG 0x20000888 ADDR (.bss)
                0x08000408        0x4 LONG 0x20000b68 (ADDR (.bss) + SIZEOF (.bss))
                0x0800040c        0x4 LONG 0x10000000 ADDR (.bss_CCMRAM)
                0x08000410        0x4 LONG 0x10000000 (ADDR (.bss_CCMRAM) + SIZEOF (.bss_CCMRAM))
                0x08000414                __bss_regions_array_end = .
 *(.init)
 *(.fini)
                0x08000414                . = ALIGN (0x4)
                0x08000414                PROVIDE (__preinit_array_start, .)
 *(.preinit_array_sysinit .preinit_array_sysinit.*)
 *(.preinit_array_platform .preinit_array_platform.*)
 *(.preinit_array .preinit_array.*)
                0x08000414                PROVIDE (__preinit_array_end, .)
                0x08000414                . = ALIGN (0x4)
                0x08000414                PROVIDE (__init_array_start, .)
 *(SORT(.init_array.*))
 *(.init_array)
                0x08000414                PROVIDE (__init_array_end, .)
                0x08000414                . = ALIGN (0x4)
                0x08000414                PROVIDE (__fini_array_start, .)
 *(SORT(.fini_array.*))
 *(.fini_array)
                0x08000414                PROVIDE (__fini_array_end, .)

.flashtext
 *(.flashtext .flashtext.*)

.text           0x08000418     0x5520
 *(.text .text.*)
 .text._exit    0x08000418        0x4 ./system/src/newlib/_exit.o
                0x08000418                _exit
 .text._sbrk    0x0800041c       0x44 ./system/src/newlib/_sbrk.o
                0x0800041c                _sbrk
 .text.__initialize_args
                0x08000460       0x10 ./system/src/newlib/_syscalls.o
                0x08000460                __initialize_args
 .text.trace_printf
                0x08000470       0x34 ./system/src/diag/Trace.o
                0x08000470                trace_printf
 .text._trace_write_semihosting_debug
                0x080004a4       0x64 ./system/src/diag/trace_impl.o
 .text.trace_write
                0x08000508        0x8 ./system/src/diag/trace_impl.o
                0x08000508                trace_write
 .text.__initialize_hardware_early
                0x08000510       0x18 ./system/src/cortexm/_initialize_hardware.o
                0x08000510                __initialize_hardware_early
 .text.__initialize_hardware
                0x08000528        0x8 ./system/src/cortexm/_initialize_hardware.o
                0x08000528                __initialize_hardware
 .text.dumpExceptionStack
                0x08000530       0xf0 ./system/src/cortexm/exception_handlers.o
                0x08000530                dumpExceptionStack
 .text.isSemihosting
                0x08000620       0x20 ./system/src/cortexm/exception_handlers.o
                0x08000620                isSemihosting
 .text.SystemInit
                0x08000640       0x40 ./system/src/cmsis/system_stm32f4xx.o
                0x08000640                SystemInit
 .text.SystemCoreClockUpdate
                0x08000680       0xa0 ./system/src/cmsis/system_stm32f4xx.o
                0x08000680                SystemCoreClockUpdate
 .text.init_pll_clock
                0x08000720       0xa0 ./src/clk.o
                0x08000720                init_pll_clock
 .text.gpio_init
                0x080007c0       0x74 ./src/gpio.o
                0x080007c0                gpio_init
 .text.gpio_clear_pin
                0x08000834        0xc ./src/gpio.o
                0x08000834                gpio_clear_pin
 .text.gpio_toggle_pin
                0x08000840       0x18 ./src/gpio.o
                0x08000840                gpio_toggle_pin
 .text.gpio_d_clk_enable
                0x08000858       0x10 ./src/gpio.o
                0x08000858                gpio_d_clk_enable
 .text.gpio_b_clk_enable
                0x08000868       0x10 ./src/gpio.o
                0x08000868                gpio_b_clk_enable
 .text.main     0x08000878        0xc ./src/main.o
                0x08000878                main
 .text.system_setup
                0x08000884       0x60 ./src/system_setup.o
                0x08000884                system_setup
 .text.tim_2_clk_enable
                0x080008e4       0x10 ./src/timer.o
                0x080008e4                tim_2_clk_enable
 .text.init_timer_2
                0x080008f4       0x48 ./src/timer.o
                0x080008f4                init_timer_2
 .text.TIM2_IRQHandler
                0x0800093c       0x4c ./src/timer.o
                0x0800093c                TIM2_IRQHandler
 .text.uart_2_clk_enable
                0x08000988       0x10 ./src/uart.o
                0x08000988                uart_2_clk_enable
 .text.init_uart_2
                0x08000998       0x5c ./src/uart.o
                0x08000998                init_uart_2
 .text.uart_2_send_char
                0x080009f4       0x20 ./src/uart.o
                0x080009f4                uart_2_send_char
 .text.uart_2_send_string
                0x08000a14       0x18 ./src/uart.o
                0x08000a14                uart_2_send_string
 .text.USART2_IRQHandler
                0x08000a2c       0x88 ./src/uart.o
                0x08000a2c                USART2_IRQHandler
 .text.uart_3_clk_enable
                0x08000ab4       0x10 ./src/uart.o
                0x08000ab4                uart_3_clk_enable
 .text.init_uart_3
                0x08000ac4       0x5c ./src/uart.o
                0x08000ac4                init_uart_3
 .text.clear_uart_3_buffer
                0x08000b20       0x1c ./src/uart.o
                0x08000b20                clear_uart_3_buffer
 .text.USART3_IRQHandler
                0x08000b3c       0x98 ./src/uart.o
                0x08000b3c                USART3_IRQHandler
 .text.uart_2_echo_uart_3
                0x08000bd4       0x28 ./src/uart.o
                0x08000bd4                uart_2_echo_uart_3
 .text.__errno  0x08000bfc        0xc /home/marko/Programming/arm-gcc/gcc-arm-none-eabi-4_9-2015q3/bin/../lib/gcc/arm-none-eabi/4.9.3/../../../../arm-none-eabi/lib/armv7e-m/libg.a(lib_a-errno.o)
                0x08000bfc                __errno
 .text.strlen   0x08000c08       0x5c /home/marko/Programming/arm-gcc/gcc-arm-none-eabi-4_9-2015q3/bin/../lib/gcc/arm-none-eabi/4.9.3/../../../../arm-none-eabi/lib/armv7e-m/libg.a(lib_a-strlen.o)
                0x08000c08                strlen
 .text._vsnprintf_r
                0x08000c64       0x74 /home/marko/Programming/arm-gcc/gcc-arm-none-eabi-4_9-2015q3/bin/../lib/gcc/arm-none-eabi/4.9.3/../../../../arm-none-eabi/lib/armv7e-m/libg.a(lib_a-vsnprintf.o)
                0x08000c64                _vsnprintf_r
 .text.vsnprintf
                0x08000cd8       0x20 /home/marko/Programming/arm-gcc/gcc-arm-none-eabi-4_9-2015q3/bin/../lib/gcc/arm-none-eabi/4.9.3/../../../../arm-none-eabi/lib/armv7e-m/libg.a(lib_a-vsnprintf.o)
                0x08000cd8                vsnprintf
 .text._svfprintf_r
                0x08000cf8     0x1494 /home/marko/Programming/arm-gcc/gcc-arm-none-eabi-4_9-2015q3/bin/../lib/gcc/arm-none-eabi/4.9.3/../../../../arm-none-eabi/lib/armv7e-m/libg.a(lib_a-svfprintf.o)
                0x08000cf8                _svfprintf_r
 .text.quorem   0x0800218c      0x12c /home/marko/Programming/arm-gcc/gcc-arm-none-eabi-4_9-2015q3/bin/../lib/gcc/arm-none-eabi/4.9.3/../../../../arm-none-eabi/lib/armv7e-m/libg.a(lib_a-dtoa.o)
 .text._dtoa_r  0x080022b8      0xe94 /home/marko/Programming/arm-gcc/gcc-arm-none-eabi-4_9-2015q3/bin/../lib/gcc/arm-none-eabi/4.9.3/../../../../arm-none-eabi/lib/armv7e-m/libg.a(lib_a-dtoa.o)
                0x080022b8                _dtoa_r
 .text._localeconv_r
                0x0800314c        0x8 /home/marko/Programming/arm-gcc/gcc-arm-none-eabi-4_9-2015q3/bin/../lib/gcc/arm-none-eabi/4.9.3/../../../../arm-none-eabi/lib/armv7e-m/libg.a(lib_a-locale.o)
                0x0800314c                _localeconv_r
 .text._malloc_r
                0x08003154      0x524 /home/marko/Programming/arm-gcc/gcc-arm-none-eabi-4_9-2015q3/bin/../lib/gcc/arm-none-eabi/4.9.3/../../../../arm-none-eabi/lib/armv7e-m/libg.a(lib_a-mallocr.o)
                0x08003154                _malloc_r
 .text.memchr   0x08003678       0x94 /home/marko/Programming/arm-gcc/gcc-arm-none-eabi-4_9-2015q3/bin/../lib/gcc/arm-none-eabi/4.9.3/../../../../arm-none-eabi/lib/armv7e-m/libg.a(lib_a-memchr.o)
                0x08003678                memchr
 .text          0x0800370c      0x134 /home/marko/Programming/arm-gcc/gcc-arm-none-eabi-4_9-2015q3/bin/../lib/gcc/arm-none-eabi/4.9.3/../../../../arm-none-eabi/lib/armv7e-m/libg.a(lib_a-memcpy.o)
                0x0800370c                memcpy
 .text.__malloc_lock
                0x08003840        0x4 /home/marko/Programming/arm-gcc/gcc-arm-none-eabi-4_9-2015q3/bin/../lib/gcc/arm-none-eabi/4.9.3/../../../../arm-none-eabi/lib/armv7e-m/libg.a(lib_a-mlock.o)
                0x08003840                __malloc_lock
 .text.__malloc_unlock
                0x08003844        0x4 /home/marko/Programming/arm-gcc/gcc-arm-none-eabi-4_9-2015q3/bin/../lib/gcc/arm-none-eabi/4.9.3/../../../../arm-none-eabi/lib/armv7e-m/libg.a(lib_a-mlock.o)
                0x08003844                __malloc_unlock
 .text._Balloc  0x08003848       0x4c /home/marko/Programming/arm-gcc/gcc-arm-none-eabi-4_9-2015q3/bin/../lib/gcc/arm-none-eabi/4.9.3/../../../../arm-none-eabi/lib/armv7e-m/libg.a(lib_a-mprec.o)
                0x08003848                _Balloc
 .text._Bfree   0x08003894       0x14 /home/marko/Programming/arm-gcc/gcc-arm-none-eabi-4_9-2015q3/bin/../lib/gcc/arm-none-eabi/4.9.3/../../../../arm-none-eabi/lib/armv7e-m/libg.a(lib_a-mprec.o)
                0x08003894                _Bfree
 .text.__multadd
                0x080038a8       0x84 /home/marko/Programming/arm-gcc/gcc-arm-none-eabi-4_9-2015q3/bin/../lib/gcc/arm-none-eabi/4.9.3/../../../../arm-none-eabi/lib/armv7e-m/libg.a(lib_a-mprec.o)
                0x080038a8                __multadd
 .text.__hi0bits
                0x0800392c       0x40 /home/marko/Programming/arm-gcc/gcc-arm-none-eabi-4_9-2015q3/bin/../lib/gcc/arm-none-eabi/4.9.3/../../../../arm-none-eabi/lib/armv7e-m/libg.a(lib_a-mprec.o)
                0x0800392c                __hi0bits
 .text.__lo0bits
                0x0800396c       0x5c /home/marko/Programming/arm-gcc/gcc-arm-none-eabi-4_9-2015q3/bin/../lib/gcc/arm-none-eabi/4.9.3/../../../../arm-none-eabi/lib/armv7e-m/libg.a(lib_a-mprec.o)
                0x0800396c                __lo0bits
 .text.__i2b    0x080039c8       0x14 /home/marko/Programming/arm-gcc/gcc-arm-none-eabi-4_9-2015q3/bin/../lib/gcc/arm-none-eabi/4.9.3/../../../../arm-none-eabi/lib/armv7e-m/libg.a(lib_a-mprec.o)
                0x080039c8                __i2b
 .text.__multiply
                0x080039dc      0x134 /home/marko/Programming/arm-gcc/gcc-arm-none-eabi-4_9-2015q3/bin/../lib/gcc/arm-none-eabi/4.9.3/../../../../arm-none-eabi/lib/armv7e-m/libg.a(lib_a-mprec.o)
                0x080039dc                __multiply
 .text.__pow5mult
                0x08003b10       0xa0 /home/marko/Programming/arm-gcc/gcc-arm-none-eabi-4_9-2015q3/bin/../lib/gcc/arm-none-eabi/4.9.3/../../../../arm-none-eabi/lib/armv7e-m/libg.a(lib_a-mprec.o)
                0x08003b10                __pow5mult
 .text.__lshift
                0x08003bb0       0xac /home/marko/Programming/arm-gcc/gcc-arm-none-eabi-4_9-2015q3/bin/../lib/gcc/arm-none-eabi/4.9.3/../../../../arm-none-eabi/lib/armv7e-m/libg.a(lib_a-mprec.o)
                0x08003bb0                __lshift
 .text.__mcmp   0x08003c5c       0x48 /home/marko/Programming/arm-gcc/gcc-arm-none-eabi-4_9-2015q3/bin/../lib/gcc/arm-none-eabi/4.9.3/../../../../arm-none-eabi/lib/armv7e-m/libg.a(lib_a-mprec.o)
                0x08003c5c                __mcmp
 .text.__mdiff  0x08003ca4       0xd4 /home/marko/Programming/arm-gcc/gcc-arm-none-eabi-4_9-2015q3/bin/../lib/gcc/arm-none-eabi/4.9.3/../../../../arm-none-eabi/lib/armv7e-m/libg.a(lib_a-mprec.o)
                0x08003ca4                __mdiff
 .text.__d2b    0x08003d78       0xb8 /home/marko/Programming/arm-gcc/gcc-arm-none-eabi-4_9-2015q3/bin/../lib/gcc/arm-none-eabi/4.9.3/../../../../arm-none-eabi/lib/armv7e-m/libg.a(lib_a-mprec.o)
                0x08003d78                __d2b
 .text.__fpclassifyd
                0x08003e30       0x58 /home/marko/Programming/arm-gcc/gcc-arm-none-eabi-4_9-2015q3/bin/../lib/gcc/arm-none-eabi/4.9.3/../../../../arm-none-eabi/lib/armv7e-m/libg.a(lib_a-s_fpclassify.o)
                0x08003e30                __fpclassifyd
 .text._sbrk_r  0x08003e88       0x24 /home/marko/Programming/arm-gcc/gcc-arm-none-eabi-4_9-2015q3/bin/../lib/gcc/arm-none-eabi/4.9.3/../../../../arm-none-eabi/lib/armv7e-m/libg.a(lib_a-sbrkr.o)
                0x08003e88                _sbrk_r
 .text.__ssprint_r
                0x08003eac      0x104 /home/marko/Programming/arm-gcc/gcc-arm-none-eabi-4_9-2015q3/bin/../lib/gcc/arm-none-eabi/4.9.3/../../../../arm-none-eabi/lib/armv7e-m/libg.a(lib_a-svfiprintf.o)
                0x08003eac                __ssprint_r
 .text._calloc_r
                0x08003fb0       0x60 /home/marko/Programming/arm-gcc/gcc-arm-none-eabi-4_9-2015q3/bin/../lib/gcc/arm-none-eabi/4.9.3/../../../../arm-none-eabi/lib/armv7e-m/libg.a(lib_a-callocr.o)
                0x08003fb0                _calloc_r
 .text._malloc_trim_r
                0x08004010       0x9c /home/marko/Programming/arm-gcc/gcc-arm-none-eabi-4_9-2015q3/bin/../lib/gcc/arm-none-eabi/4.9.3/../../../../arm-none-eabi/lib/armv7e-m/libg.a(lib_a-freer.o)
                0x08004010                _malloc_trim_r
 .text._free_r  0x080040ac      0x1b0 /home/marko/Programming/arm-gcc/gcc-arm-none-eabi-4_9-2015q3/bin/../lib/gcc/arm-none-eabi/4.9.3/../../../../arm-none-eabi/lib/armv7e-m/libg.a(lib_a-freer.o)
                0x080040ac                _free_r
 .text.memmove  0x0800425c       0xc8 /home/marko/Programming/arm-gcc/gcc-arm-none-eabi-4_9-2015q3/bin/../lib/gcc/arm-none-eabi/4.9.3/../../../../arm-none-eabi/lib/armv7e-m/libg.a(lib_a-memmove.o)
                0x0800425c                memmove
 .text.memset   0x08004324       0x9c /home/marko/Programming/arm-gcc/gcc-arm-none-eabi-4_9-2015q3/bin/../lib/gcc/arm-none-eabi/4.9.3/../../../../arm-none-eabi/lib/armv7e-m/libg.a(lib_a-memset.o)
                0x08004324                memset
 .text._realloc_r
                0x080043c0      0x3ec /home/marko/Programming/arm-gcc/gcc-arm-none-eabi-4_9-2015q3/bin/../lib/gcc/arm-none-eabi/4.9.3/../../../../arm-none-eabi/lib/armv7e-m/libg.a(lib_a-reallocr.o)
                0x080043c0                _realloc_r
 .text          0x080047ac      0x370 /home/marko/Programming/arm-gcc/gcc-arm-none-eabi-4_9-2015q3/bin/../lib/gcc/arm-none-eabi/4.9.3/armv7e-m/libgcc.a(_arm_addsubdf3.o)
                0x080047ac                __aeabi_drsub
                0x080047b4                __aeabi_dsub
                0x080047b4                __subdf3
                0x080047b8                __adddf3
                0x080047b8                __aeabi_dadd
                0x08004a30                __aeabi_ui2d
                0x08004a30                __floatunsidf
                0x08004a50                __floatsidf
                0x08004a50                __aeabi_i2d
                0x08004a74                __extendsfdf2
                0x08004a74                __aeabi_f2d
                0x08004ab0                __aeabi_ul2d
                0x08004ab0                __floatundidf
                0x08004ac0                __floatdidf
                0x08004ac0                __aeabi_l2d
 .text          0x08004b1c      0x424 /home/marko/Programming/arm-gcc/gcc-arm-none-eabi-4_9-2015q3/bin/../lib/gcc/arm-none-eabi/4.9.3/armv7e-m/libgcc.a(_arm_muldivdf3.o)
                0x08004b1c                __aeabi_dmul
                0x08004b1c                __muldf3
                0x08004d70                __aeabi_ddiv
                0x08004d70                __divdf3
 .text          0x08004f40      0x110 /home/marko/Programming/arm-gcc/gcc-arm-none-eabi-4_9-2015q3/bin/../lib/gcc/arm-none-eabi/4.9.3/armv7e-m/libgcc.a(_arm_cmpdf2.o)
                0x08004f40                __gtdf2
                0x08004f40                __gedf2
                0x08004f48                __ltdf2
                0x08004f48                __ledf2
                0x08004f50                __cmpdf2
                0x08004f50                __eqdf2
                0x08004f50                __nedf2
                0x08004fcc                __aeabi_cdrcmple
                0x08004fdc                __aeabi_cdcmple
                0x08004fdc                __aeabi_cdcmpeq
                0x08004fec                __aeabi_dcmpeq
                0x08005000                __aeabi_dcmplt
                0x08005014                __aeabi_dcmple
                0x08005028                __aeabi_dcmpge
                0x0800503c                __aeabi_dcmpgt
 .text          0x08005050       0x50 /home/marko/Programming/arm-gcc/gcc-arm-none-eabi-4_9-2015q3/bin/../lib/gcc/arm-none-eabi/4.9.3/armv7e-m/libgcc.a(_arm_fixdfsi.o)
                0x08005050                __fixdfsi
                0x08005050                __aeabi_d2iz
 .text          0x080050a0       0x30 /home/marko/Programming/arm-gcc/gcc-arm-none-eabi-4_9-2015q3/bin/../lib/gcc/arm-none-eabi/4.9.3/armv7e-m/libgcc.a(_aeabi_uldivmod.o)
                0x080050a0                __aeabi_uldivmod
 .text          0x080050d0       0x60 /home/marko/Programming/arm-gcc/gcc-arm-none-eabi-4_9-2015q3/bin/../lib/gcc/arm-none-eabi/4.9.3/armv7e-m/libgcc.a(bpabi.o)
                0x080050d0                __gnu_ldivmod_helper
                0x08005100                __gnu_uldivmod_helper
 .text          0x08005130        0x4 /home/marko/Programming/arm-gcc/gcc-arm-none-eabi-4_9-2015q3/bin/../lib/gcc/arm-none-eabi/4.9.3/armv7e-m/libgcc.a(_dvmd_tls.o)
                0x08005130                __aeabi_ldiv0
                0x08005130                __aeabi_idiv0
 .text          0x08005134      0x29c /home/marko/Programming/arm-gcc/gcc-arm-none-eabi-4_9-2015q3/bin/../lib/gcc/arm-none-eabi/4.9.3/armv7e-m/libgcc.a(_divdi3.o)
                0x08005134                __divdi3
 .text          0x080053d0      0x26c /home/marko/Programming/arm-gcc/gcc-arm-none-eabi-4_9-2015q3/bin/../lib/gcc/arm-none-eabi/4.9.3/armv7e-m/libgcc.a(_udivdi3.o)
                0x080053d0                __udivdi3
 *(.rodata .rodata.* .constdata .constdata.*)
 .rodata.str1.4
                0x0800563c      0x146 ./system/src/cortexm/exception_handlers.o
 *fill*         0x08005782        0x2 
 .rodata.AHBPrescTable
                0x08005784       0x10 ./system/src/cmsis/system_stm32f4xx.o
                0x08005784                AHBPrescTable
 .rodata.str1.4
                0x08005794       0x20 ./src/system_setup.o
 .rodata.str1.4
                0x080057b4        0x2 /home/marko/Programming/arm-gcc/gcc-arm-none-eabi-4_9-2015q3/bin/../lib/gcc/arm-none-eabi/4.9.3/../../../../arm-none-eabi/lib/armv7e-m/libg.a(lib_a-impure.o)
 *fill*         0x080057b6        0x2 
 .rodata.zeroes.6911
                0x080057b8       0x10 /home/marko/Programming/arm-gcc/gcc-arm-none-eabi-4_9-2015q3/bin/../lib/gcc/arm-none-eabi/4.9.3/../../../../arm-none-eabi/lib/armv7e-m/libg.a(lib_a-svfprintf.o)
 .rodata.blanks.6910
                0x080057c8       0x10 /home/marko/Programming/arm-gcc/gcc-arm-none-eabi-4_9-2015q3/bin/../lib/gcc/arm-none-eabi/4.9.3/../../../../arm-none-eabi/lib/armv7e-m/libg.a(lib_a-svfprintf.o)
 .rodata.str1.4
                0x080057d8       0x42 /home/marko/Programming/arm-gcc/gcc-arm-none-eabi-4_9-2015q3/bin/../lib/gcc/arm-none-eabi/4.9.3/../../../../arm-none-eabi/lib/armv7e-m/libg.a(lib_a-svfprintf.o)
 *fill*         0x0800581a        0x2 
 .rodata.str1.4
                0x0800581c       0x10 /home/marko/Programming/arm-gcc/gcc-arm-none-eabi-4_9-2015q3/bin/../lib/gcc/arm-none-eabi/4.9.3/../../../../arm-none-eabi/lib/armv7e-m/libg.a(lib_a-dtoa.o)
                                 0x12 (size before relaxing)
 .rodata.str1.4
                0x0800582c        0xc /home/marko/Programming/arm-gcc/gcc-arm-none-eabi-4_9-2015q3/bin/../lib/gcc/arm-none-eabi/4.9.3/../../../../arm-none-eabi/lib/armv7e-m/libg.a(lib_a-locale.o)
                                 0x12 (size before relaxing)
 .rodata.__mprec_tens
                0x08005838       0xc8 /home/marko/Programming/arm-gcc/gcc-arm-none-eabi-4_9-2015q3/bin/../lib/gcc/arm-none-eabi/4.9.3/../../../../arm-none-eabi/lib/armv7e-m/libg.a(lib_a-mprec.o)
                0x08005838                __mprec_tens
 .rodata.p05.5302
                0x08005900        0xc /home/marko/Programming/arm-gcc/gcc-arm-none-eabi-4_9-2015q3/bin/../lib/gcc/arm-none-eabi/4.9.3/../../../../arm-none-eabi/lib/armv7e-m/libg.a(lib_a-mprec.o)
 *fill*         0x0800590c        0x4 
 .rodata.__mprec_bigtens
                0x08005910       0x28 /home/marko/Programming/arm-gcc/gcc-arm-none-eabi-4_9-2015q3/bin/../lib/gcc/arm-none-eabi/4.9.3/../../../../arm-none-eabi/lib/armv7e-m/libg.a(lib_a-mprec.o)
                0x08005910                __mprec_bigtens
 *(vtable)
 *(.eh_frame*)
 .eh_frame      0x08005938        0x0 /home/marko/Programming/arm-gcc/gcc-arm-none-eabi-4_9-2015q3/bin/../lib/gcc/arm-none-eabi/4.9.3/../../../../arm-none-eabi/lib/armv7e-m/libg.a(lib_a-strcmp.o)
                                 0x70 (size before relaxing)
 *(.glue_7)
 .glue_7        0x00000000        0x0 linker stubs
 *(.glue_7t)
 .glue_7t       0x00000000        0x0 linker stubs

.vfp11_veneer   0x08005938        0x0
 .vfp11_veneer  0x00000000        0x0 linker stubs

.v4_bx          0x08005938        0x0
 .v4_bx         0x00000000        0x0 linker stubs

.iplt           0x08005938        0x0
 .iplt          0x00000000        0x0 ./system/src/stm32f4-hal/stm32f4xx_hal.o

.ARM.extab
 *(.ARM.extab* .gnu.linkonce.armextab.*)
                0x08005938                . = ALIGN (0x4)
                0x08005938                __exidx_start = .

.ARM.exidx      0x08005938        0x8
 *(.ARM.exidx* .gnu.linkonce.armexidx.*)
 .ARM.exidx     0x08005938        0x8 /home/marko/Programming/arm-gcc/gcc-arm-none-eabi-4_9-2015q3/bin/../lib/gcc/arm-none-eabi/4.9.3/armv7e-m/libgcc.a(_divdi3.o)
 .ARM.exidx     0x08005940        0x0 /home/marko/Programming/arm-gcc/gcc-arm-none-eabi-4_9-2015q3/bin/../lib/gcc/arm-none-eabi/4.9.3/armv7e-m/libgcc.a(_udivdi3.o)
                                  0x8 (size before relaxing)
                0x08005940                __exidx_end = .

.rel.dyn        0x08005940        0x0
 .rel.iplt      0x00000000        0x0 ./system/src/stm32f4-hal/stm32f4xx_hal.o
                0x08005940                . = ALIGN (0x4)
                0x08005940                _etext = .
                0x08005940                __etext = .

.data_CCMRAM    0x10000000        0x0 load address 0x08005940
 FILL mask 0xff
 *(.data.CCMRAM .data.CCMRAM.*)
                0x10000000                . = ALIGN (0x4)
                0x08005940                _sidata = LOADADDR (.data)

.data           0x20000000      0x888 load address 0x08005940
 FILL mask 0xff
                0x20000000                _sdata = .
                0x20000000                __data_start__ = .
 *(.data_begin .data_begin.*)
 .data_begin    0x20000000        0x4 ./system/src/newlib/_startup.o
 *(.data .data.*)
 .data.argv.4161
                0x20000004        0x8 ./system/src/newlib/_syscalls.o
 .data.SystemCoreClock
                0x2000000c        0x4 ./system/src/cmsis/system_stm32f4xx.o
                0x2000000c                SystemCoreClock
 .data.impure_data
                0x20000010      0x428 /home/marko/Programming/arm-gcc/gcc-arm-none-eabi-4_9-2015q3/bin/../lib/gcc/arm-none-eabi/4.9.3/../../../../arm-none-eabi/lib/armv7e-m/libg.a(lib_a-impure.o)
 .data._impure_ptr
                0x20000438        0x4 /home/marko/Programming/arm-gcc/gcc-arm-none-eabi-4_9-2015q3/bin/../lib/gcc/arm-none-eabi/4.9.3/../../../../arm-none-eabi/lib/armv7e-m/libg.a(lib_a-impure.o)
                0x20000438                _impure_ptr
 .data.lconv    0x2000043c       0x38 /home/marko/Programming/arm-gcc/gcc-arm-none-eabi-4_9-2015q3/bin/../lib/gcc/arm-none-eabi/4.9.3/../../../../arm-none-eabi/lib/armv7e-m/libg.a(lib_a-locale.o)
 .data.__malloc_av_
                0x20000474      0x408 /home/marko/Programming/arm-gcc/gcc-arm-none-eabi-4_9-2015q3/bin/../lib/gcc/arm-none-eabi/4.9.3/../../../../arm-none-eabi/lib/armv7e-m/libg.a(lib_a-mallocr.o)
                0x20000474                __malloc_av_
 .data.__malloc_trim_threshold
                0x2000087c        0x4 /home/marko/Programming/arm-gcc/gcc-arm-none-eabi-4_9-2015q3/bin/../lib/gcc/arm-none-eabi/4.9.3/../../../../arm-none-eabi/lib/armv7e-m/libg.a(lib_a-mallocr.o)
                0x2000087c                __malloc_trim_threshold
 .data.__malloc_sbrk_base
                0x20000880        0x4 /home/marko/Programming/arm-gcc/gcc-arm-none-eabi-4_9-2015q3/bin/../lib/gcc/arm-none-eabi/4.9.3/../../../../arm-none-eabi/lib/armv7e-m/libg.a(lib_a-mallocr.o)
                0x20000880                __malloc_sbrk_base
 *(.data_end .data_end.*)
 .data_end      0x20000884        0x4 ./system/src/newlib/_startup.o
                0x20000888                . = ALIGN (0x4)
                0x20000888                _edata = .
                0x20000888                __data_end__ = .

.igot.plt       0x20000888        0x0 load address 0x080061c8
 .igot.plt      0x00000000        0x0 ./system/src/stm32f4-hal/stm32f4xx_hal.o

.bss_CCMRAM     0x10000000        0x0
 *(.bss.CCMRAM .bss.CCMRAM.*)

.bss            0x20000888      0x2e0
                0x20000888                __bss_start__ = .
                0x20000888                _sbss = .
 *(.bss_begin .bss_begin.*)
 .bss_begin     0x20000888        0x4 ./system/src/newlib/_startup.o
 *(.bss .bss.*)
 .bss.current_heap_end.3862
                0x2000088c        0x4 ./system/src/newlib/_sbrk.o
 .bss.name.4160
                0x20000890        0x1 ./system/src/newlib/_syscalls.o
 *fill*         0x20000891        0x3 
 .bss.buf.4998  0x20000894       0x80 ./system/src/diag/Trace.o
 .bss.led_ticker
                0x20000914        0x4 ./src/timer.o
 .bss.timer2_ticker
                0x20000918        0x4 ./src/timer.o
 .bss.tx2_sent_f
                0x2000091c        0x1 ./src/uart.o
 .bss.tx3_sent_f
                0x2000091d        0x1 ./src/uart.o
 .bss.rx3_flag  0x2000091e        0x1 ./src/uart.o
 .bss.rx3_char  0x2000091f        0x1 ./src/uart.o
 .bss.rx2_flag  0x20000920        0x1 ./src/uart.o
 .bss.rx2_char  0x20000921        0x1 ./src/uart.o
 .bss.uart_3_msg
                0x20000922        0x1 ./src/uart.o
 *fill*         0x20000923        0x1 
 .bss.uart3_n_bytes
                0x20000924        0x2 ./src/uart.o
 *fill*         0x20000926        0x2 
 .bss.uart_2_rx_buffer
                0x20000928      0x100 ./src/uart.o
 .bss.uart2_n_bytes
                0x20000a28        0x2 ./src/uart.o
 *fill*         0x20000a2a        0x2 
 .bss.uart_3_rx_buffer
                0x20000a2c      0x100 ./src/uart.o
 .bss.__malloc_max_total_mem
                0x20000b2c        0x4 /home/marko/Programming/arm-gcc/gcc-arm-none-eabi-4_9-2015q3/bin/../lib/gcc/arm-none-eabi/4.9.3/../../../../arm-none-eabi/lib/armv7e-m/libg.a(lib_a-mallocr.o)
                0x20000b2c                __malloc_max_total_mem
 .bss.__malloc_max_sbrked_mem
                0x20000b30        0x4 /home/marko/Programming/arm-gcc/gcc-arm-none-eabi-4_9-2015q3/bin/../lib/gcc/arm-none-eabi/4.9.3/../../../../arm-none-eabi/lib/armv7e-m/libg.a(lib_a-mallocr.o)
                0x20000b30                __malloc_max_sbrked_mem
 .bss.__malloc_top_pad
                0x20000b34        0x4 /home/marko/Programming/arm-gcc/gcc-arm-none-eabi-4_9-2015q3/bin/../lib/gcc/arm-none-eabi/4.9.3/../../../../arm-none-eabi/lib/armv7e-m/libg.a(lib_a-mallocr.o)
                0x20000b34                __malloc_top_pad
 .bss.__malloc_current_mallinfo
                0x20000b38       0x28 /home/marko/Programming/arm-gcc/gcc-arm-none-eabi-4_9-2015q3/bin/../lib/gcc/arm-none-eabi/4.9.3/../../../../arm-none-eabi/lib/armv7e-m/libg.a(lib_a-mallocr.o)
                0x20000b38                __malloc_current_mallinfo
 *(COMMON)
 COMMON         0x20000b60        0x4 ./system/src/newlib/_syscalls.o
                0x20000b60                errno
 *(.bss_end .bss_end.*)
 .bss_end       0x20000b64        0x4 ./system/src/newlib/_startup.o
                0x20000b68                . = ALIGN (0x4)
                0x20000b68                __bss_end__ = .
                0x20000b68                _ebss = .

.noinit_CCMRAM
 *(.noinit.CCMRAM .noinit.CCMRAM.*)

.noinit         0x20000b68        0x0
                0x20000b68                _noinit = .
 *(.noinit .noinit.*)
                0x20000b68                . = ALIGN (0x4)
                0x20000b68                _end_noinit = .
                0x20000b68                PROVIDE (end, _end_noinit)
                0x20000b68                PROVIDE (_end, _end_noinit)
                0x20000b68                PROVIDE (__end, _end_noinit)
                0x20000b68                PROVIDE (__end__, _end_noinit)

._check_stack   0x20000b68      0x100
                0x20000c68                . = (. + _Minimum_Stack_Size)
 *fill*         0x20000b68      0x100 

.b1text
 *(.b1text)
 *(.b1rodata)
 *(.b1rodata.*)

.eb0text
 *(.eb0text)
 *(.eb0rodata)
 *(.eb0rodata.*)

.eb1text
 *(.eb1text)
 *(.eb1rodata)
 *(.eb1rodata.*)

.eb2text
 *(.eb2text)
 *(.eb2rodata)
 *(.eb2rodata.*)

.eb3text
 *(.eb3text)
 *(.eb3rodata)
 *(.eb3rodata.*)

.stab
 *(.stab)

.stabstr
 *(.stabstr)

.stab.excl
 *(.stab.excl)

.stab.exclstr
 *(.stab.exclstr)

.stab.index
 *(.stab.index)

.stab.indexstr
 *(.stab.indexstr)

.comment        0x00000000       0x70
 *(.comment)
 .comment       0x00000000       0x70 ./system/src/newlib/_exit.o
                                 0x71 (size before relaxing)
 .comment       0x00000000       0x71 ./system/src/newlib/_sbrk.o
 .comment       0x00000000       0x71 ./system/src/newlib/_startup.o
 .comment       0x00000000       0x71 ./system/src/newlib/_syscalls.o
 .comment       0x00000000       0x71 ./system/src/diag/Trace.o
 .comment       0x00000000       0x71 ./system/src/diag/trace_impl.o
 .comment       0x00000000       0x71 ./system/src/cortexm/_initialize_hardware.o
 .comment       0x00000000       0x71 ./system/src/cortexm/exception_handlers.o
 .comment       0x00000000       0x71 ./system/src/cmsis/system_stm32f4xx.o
 .comment       0x00000000       0x71 ./system/src/cmsis/vectors_stm32f407xx.o
 .comment       0x00000000       0x71 ./src/clk.o
 .comment       0x00000000       0x71 ./src/gpio.o
 .comment       0x00000000       0x71 ./src/main.o
 .comment       0x00000000       0x71 ./src/system_setup.o
 .comment       0x00000000       0x71 ./src/timer.o
 .comment       0x00000000       0x71 ./src/uart.o

.ARM.attributes
                0x00000000       0x31
 .ARM.attributes
                0x00000000       0x33 ./system/src/newlib/_exit.o
 .ARM.attributes
                0x00000033       0x33 ./system/src/newlib/_sbrk.o
 .ARM.attributes
                0x00000066       0x33 ./system/src/newlib/_startup.o
 .ARM.attributes
                0x00000099       0x33 ./system/src/newlib/_syscalls.o
 .ARM.attributes
                0x000000cc       0x33 ./system/src/diag/Trace.o
 .ARM.attributes
                0x000000ff       0x33 ./system/src/diag/trace_impl.o
 .ARM.attributes
                0x00000132       0x33 ./system/src/cortexm/_initialize_hardware.o
 .ARM.attributes
                0x00000165       0x33 ./system/src/cortexm/exception_handlers.o
 .ARM.attributes
                0x00000198       0x33 ./system/src/cmsis/system_stm32f4xx.o
 .ARM.attributes
                0x000001cb       0x33 ./system/src/cmsis/vectors_stm32f407xx.o
 .ARM.attributes
                0x000001fe       0x33 ./src/clk.o
 .ARM.attributes
                0x00000231       0x33 ./src/gpio.o
 .ARM.attributes
                0x00000264       0x33 ./src/main.o
 .ARM.attributes
                0x00000297       0x33 ./src/system_setup.o
 .ARM.attributes
                0x000002ca       0x33 ./src/timer.o
 .ARM.attributes
                0x000002fd       0x33 ./src/uart.o
 .ARM.attributes
                0x00000330       0x2e /home/marko/Programming/arm-gcc/gcc-arm-none-eabi-4_9-2015q3/bin/../lib/gcc/arm-none-eabi/4.9.3/../../../../arm-none-eabi/lib/armv7e-m/libg.a(lib_a-errno.o)
 .ARM.attributes
                0x0000035e       0x2e /home/marko/Programming/arm-gcc/gcc-arm-none-eabi-4_9-2015q3/bin/../lib/gcc/arm-none-eabi/4.9.3/../../../../arm-none-eabi/lib/armv7e-m/libg.a(lib_a-impure.o)
 .ARM.attributes
                0x0000038c       0x2e /home/marko/Programming/arm-gcc/gcc-arm-none-eabi-4_9-2015q3/bin/../lib/gcc/arm-none-eabi/4.9.3/../../../../arm-none-eabi/lib/armv7e-m/libg.a(lib_a-strlen.o)
 .ARM.attributes
                0x000003ba       0x2e /home/marko/Programming/arm-gcc/gcc-arm-none-eabi-4_9-2015q3/bin/../lib/gcc/arm-none-eabi/4.9.3/../../../../arm-none-eabi/lib/armv7e-m/libg.a(lib_a-vsnprintf.o)
 .ARM.attributes
                0x000003e8       0x2e /home/marko/Programming/arm-gcc/gcc-arm-none-eabi-4_9-2015q3/bin/../lib/gcc/arm-none-eabi/4.9.3/../../../../arm-none-eabi/lib/armv7e-m/libg.a(lib_a-svfprintf.o)
 .ARM.attributes
                0x00000416       0x2e /home/marko/Programming/arm-gcc/gcc-arm-none-eabi-4_9-2015q3/bin/../lib/gcc/arm-none-eabi/4.9.3/../../../../arm-none-eabi/lib/armv7e-m/libg.a(lib_a-dtoa.o)
 .ARM.attributes
                0x00000444       0x2e /home/marko/Programming/arm-gcc/gcc-arm-none-eabi-4_9-2015q3/bin/../lib/gcc/arm-none-eabi/4.9.3/../../../../arm-none-eabi/lib/armv7e-m/libg.a(lib_a-locale.o)
 .ARM.attributes
                0x00000472       0x2e /home/marko/Programming/arm-gcc/gcc-arm-none-eabi-4_9-2015q3/bin/../lib/gcc/arm-none-eabi/4.9.3/../../../../arm-none-eabi/lib/armv7e-m/libg.a(lib_a-mallocr.o)
 .ARM.attributes
                0x000004a0       0x2e /home/marko/Programming/arm-gcc/gcc-arm-none-eabi-4_9-2015q3/bin/../lib/gcc/arm-none-eabi/4.9.3/../../../../arm-none-eabi/lib/armv7e-m/libg.a(lib_a-memchr.o)
 .ARM.attributes
                0x000004ce       0x1c /home/marko/Programming/arm-gcc/gcc-arm-none-eabi-4_9-2015q3/bin/../lib/gcc/arm-none-eabi/4.9.3/../../../../arm-none-eabi/lib/armv7e-m/libg.a(lib_a-memcpy.o)
 .ARM.attributes
                0x000004ea       0x2e /home/marko/Programming/arm-gcc/gcc-arm-none-eabi-4_9-2015q3/bin/../lib/gcc/arm-none-eabi/4.9.3/../../../../arm-none-eabi/lib/armv7e-m/libg.a(lib_a-mlock.o)
 .ARM.attributes
                0x00000518       0x2e /home/marko/Programming/arm-gcc/gcc-arm-none-eabi-4_9-2015q3/bin/../lib/gcc/arm-none-eabi/4.9.3/../../../../arm-none-eabi/lib/armv7e-m/libg.a(lib_a-mprec.o)
 .ARM.attributes
                0x00000546       0x2e /home/marko/Programming/arm-gcc/gcc-arm-none-eabi-4_9-2015q3/bin/../lib/gcc/arm-none-eabi/4.9.3/../../../../arm-none-eabi/lib/armv7e-m/libg.a(lib_a-s_fpclassify.o)
 .ARM.attributes
                0x00000574       0x2e /home/marko/Programming/arm-gcc/gcc-arm-none-eabi-4_9-2015q3/bin/../lib/gcc/arm-none-eabi/4.9.3/../../../../arm-none-eabi/lib/armv7e-m/libg.a(lib_a-sbrkr.o)
 .ARM.attributes
                0x000005a2       0x1c /home/marko/Programming/arm-gcc/gcc-arm-none-eabi-4_9-2015q3/bin/../lib/gcc/arm-none-eabi/4.9.3/../../../../arm-none-eabi/lib/armv7e-m/libg.a(lib_a-strcmp.o)
 .ARM.attributes
                0x000005be       0x2e /home/marko/Programming/arm-gcc/gcc-arm-none-eabi-4_9-2015q3/bin/../lib/gcc/arm-none-eabi/4.9.3/../../../../arm-none-eabi/lib/armv7e-m/libg.a(lib_a-svfiprintf.o)
 .ARM.attributes
                0x000005ec       0x2e /home/marko/Programming/arm-gcc/gcc-arm-none-eabi-4_9-2015q3/bin/../lib/gcc/arm-none-eabi/4.9.3/../../../../arm-none-eabi/lib/armv7e-m/libg.a(lib_a-callocr.o)
 .ARM.attributes
                0x0000061a       0x2e /home/marko/Programming/arm-gcc/gcc-arm-none-eabi-4_9-2015q3/bin/../lib/gcc/arm-none-eabi/4.9.3/../../../../arm-none-eabi/lib/armv7e-m/libg.a(lib_a-freer.o)
 .ARM.attributes
                0x00000648       0x2e /home/marko/Programming/arm-gcc/gcc-arm-none-eabi-4_9-2015q3/bin/../lib/gcc/arm-none-eabi/4.9.3/../../../../arm-none-eabi/lib/armv7e-m/libg.a(lib_a-memmove.o)
 .ARM.attributes
                0x00000676       0x2e /home/marko/Programming/arm-gcc/gcc-arm-none-eabi-4_9-2015q3/bin/../lib/gcc/arm-none-eabi/4.9.3/../../../../arm-none-eabi/lib/armv7e-m/libg.a(lib_a-memset.o)
 .ARM.attributes
                0x000006a4       0x2e /home/marko/Programming/arm-gcc/gcc-arm-none-eabi-4_9-2015q3/bin/../lib/gcc/arm-none-eabi/4.9.3/../../../../arm-none-eabi/lib/armv7e-m/libg.a(lib_a-reallocr.o)
 .ARM.attributes
                0x000006d2       0x1e /home/marko/Programming/arm-gcc/gcc-arm-none-eabi-4_9-2015q3/bin/../lib/gcc/arm-none-eabi/4.9.3/armv7e-m/libgcc.a(_arm_addsubdf3.o)
 .ARM.attributes
                0x000006f0       0x1e /home/marko/Programming/arm-gcc/gcc-arm-none-eabi-4_9-2015q3/bin/../lib/gcc/arm-none-eabi/4.9.3/armv7e-m/libgcc.a(_arm_muldivdf3.o)
 .ARM.attributes
                0x0000070e       0x1e /home/marko/Programming/arm-gcc/gcc-arm-none-eabi-4_9-2015q3/bin/../lib/gcc/arm-none-eabi/4.9.3/armv7e-m/libgcc.a(_arm_cmpdf2.o)
 .ARM.attributes
                0x0000072c       0x1e /home/marko/Programming/arm-gcc/gcc-arm-none-eabi-4_9-2015q3/bin/../lib/gcc/arm-none-eabi/4.9.3/armv7e-m/libgcc.a(_arm_fixdfsi.o)
 .ARM.attributes
                0x0000074a       0x1e /home/marko/Programming/arm-gcc/gcc-arm-none-eabi-4_9-2015q3/bin/../lib/gcc/arm-none-eabi/4.9.3/armv7e-m/libgcc.a(_aeabi_uldivmod.o)
 .ARM.attributes
                0x00000768       0x2e /home/marko/Programming/arm-gcc/gcc-arm-none-eabi-4_9-2015q3/bin/../lib/gcc/arm-none-eabi/4.9.3/armv7e-m/libgcc.a(bpabi.o)
 .ARM.attributes
                0x00000796       0x1e /home/marko/Programming/arm-gcc/gcc-arm-none-eabi-4_9-2015q3/bin/../lib/gcc/arm-none-eabi/4.9.3/armv7e-m/libgcc.a(_dvmd_tls.o)
 .ARM.attributes
                0x000007b4       0x2e /home/marko/Programming/arm-gcc/gcc-arm-none-eabi-4_9-2015q3/bin/../lib/gcc/arm-none-eabi/4.9.3/armv7e-m/libgcc.a(_divdi3.o)
 .ARM.attributes
                0x000007e2       0x2e /home/marko/Programming/arm-gcc/gcc-arm-none-eabi-4_9-2015q3/bin/../lib/gcc/arm-none-eabi/4.9.3/armv7e-m/libgcc.a(_udivdi3.o)

.debug
 *(.debug)

.line
 *(.line)

.debug_srcinfo
 *(.debug_srcinfo)

.debug_sfnames
 *(.debug_sfnames)

.debug_aranges  0x00000000      0x3e8
 *(.debug_aranges)
 .debug_aranges
                0x00000000       0x28 ./system/src/newlib/_exit.o
 .debug_aranges
                0x00000028       0x20 ./system/src/newlib/_sbrk.o
 .debug_aranges
                0x00000048       0x40 ./system/src/newlib/_startup.o
 .debug_aranges
                0x00000088       0x30 ./system/src/newlib/_syscalls.o
 .debug_aranges
                0x000000b8       0x38 ./system/src/diag/Trace.o
 .debug_aranges
                0x000000f0       0x30 ./system/src/diag/trace_impl.o
 .debug_aranges
                0x00000120       0x28 ./system/src/cortexm/_initialize_hardware.o
 .debug_aranges
                0x00000148       0x90 ./system/src/cortexm/exception_handlers.o
 .debug_aranges
                0x000001d8       0x28 ./system/src/cmsis/system_stm32f4xx.o
 .debug_aranges
                0x00000200       0x20 ./system/src/cmsis/vectors_stm32f407xx.o
 .debug_aranges
                0x00000220       0x30 ./src/clk.o
 .debug_aranges
                0x00000250       0x80 ./src/gpio.o
 .debug_aranges
                0x000002d0       0x20 ./src/main.o
 .debug_aranges
                0x000002f0       0x20 ./src/system_setup.o
 .debug_aranges
                0x00000310       0x38 ./src/timer.o
 .debug_aranges
                0x00000348       0xa0 ./src/uart.o

.debug_pubnames
 *(.debug_pubnames)

.debug_info     0x00000000     0x419f
 *(.debug_info .gnu.linkonce.wi.*)
 .debug_info    0x00000000      0x100 ./system/src/newlib/_exit.o
 .debug_info    0x00000100      0x125 ./system/src/newlib/_sbrk.o
 .debug_info    0x00000225      0x50f ./system/src/newlib/_startup.o
 .debug_info    0x00000734      0x1bc ./system/src/newlib/_syscalls.o
 .debug_info    0x000008f0      0x32b ./system/src/diag/Trace.o
 .debug_info    0x00000c1b      0x304 ./system/src/diag/trace_impl.o
 .debug_info    0x00000f1f      0x2ad ./system/src/cortexm/_initialize_hardware.o
 .debug_info    0x000011cc      0x8f2 ./system/src/cortexm/exception_handlers.o
 .debug_info    0x00001abe      0x4a5 ./system/src/cmsis/system_stm32f4xx.o
 .debug_info    0x00001f63       0xd1 ./system/src/cmsis/vectors_stm32f407xx.o
 .debug_info    0x00002034      0x396 ./src/clk.o
 .debug_info    0x000023ca      0x603 ./src/gpio.o
 .debug_info    0x000029cd       0xdb ./src/main.o
 .debug_info    0x00002aa8      0x2f0 ./src/system_setup.o
 .debug_info    0x00002d98      0x8bc ./src/timer.o
 .debug_info    0x00003654      0xb4b ./src/uart.o

.debug_abbrev   0x00000000     0x1413
 *(.debug_abbrev)
 .debug_abbrev  0x00000000       0xa4 ./system/src/newlib/_exit.o
 .debug_abbrev  0x000000a4       0xbb ./system/src/newlib/_sbrk.o
 .debug_abbrev  0x0000015f      0x211 ./system/src/newlib/_startup.o
 .debug_abbrev  0x00000370       0xee ./system/src/newlib/_syscalls.o
 .debug_abbrev  0x0000045e      0x178 ./system/src/diag/Trace.o
 .debug_abbrev  0x000005d6      0x1bd ./system/src/diag/trace_impl.o
 .debug_abbrev  0x00000793       0xea ./system/src/cortexm/_initialize_hardware.o
 .debug_abbrev  0x0000087d      0x23e ./system/src/cortexm/exception_handlers.o
 .debug_abbrev  0x00000abb      0x104 ./system/src/cmsis/system_stm32f4xx.o
 .debug_abbrev  0x00000bbf       0x9d ./system/src/cmsis/vectors_stm32f407xx.o
 .debug_abbrev  0x00000c5c       0xec ./src/clk.o
 .debug_abbrev  0x00000d48      0x171 ./src/gpio.o
 .debug_abbrev  0x00000eb9       0x8a ./src/main.o
 .debug_abbrev  0x00000f43      0x12a ./src/system_setup.o
 .debug_abbrev  0x0000106d      0x1c2 ./src/timer.o
 .debug_abbrev  0x0000122f      0x1e4 ./src/uart.o

.debug_line     0x00000000     0x7a0a
 *(.debug_line)
 .debug_line    0x00000000      0x2de ./system/src/newlib/_exit.o
 .debug_line    0x000002de      0x28c ./system/src/newlib/_sbrk.o
 .debug_line    0x0000056a      0x35c ./system/src/newlib/_startup.o
 .debug_line    0x000008c6      0x3be ./system/src/newlib/_syscalls.o
 .debug_line    0x00000c84      0x339 ./system/src/diag/Trace.o
 .debug_line    0x00000fbd      0xa7a ./system/src/diag/trace_impl.o
 .debug_line    0x00001a37      0x9e3 ./system/src/cortexm/_initialize_hardware.o
 .debug_line    0x0000241a      0xb29 ./system/src/cortexm/exception_handlers.o
 .debug_line    0x00002f43      0x9e3 ./system/src/cmsis/system_stm32f4xx.o
 .debug_line    0x00003926      0x10e ./system/src/cmsis/vectors_stm32f407xx.o
 .debug_line    0x00003a34      0xa36 ./src/clk.o
 .debug_line    0x0000446a      0xad1 ./src/gpio.o
 .debug_line    0x00004f3b      0xa66 ./src/main.o
 .debug_line    0x000059a1      0xa89 ./src/system_setup.o
 .debug_line    0x0000642a      0xa5b ./src/timer.o
 .debug_line    0x00006e85      0xb85 ./src/uart.o

.debug_frame    0x00000000      0xfec
 *(.debug_frame)
 .debug_frame   0x00000000       0x38 ./system/src/newlib/_exit.o
 .debug_frame   0x00000038       0x28 ./system/src/newlib/_sbrk.o
 .debug_frame   0x00000060       0x7c ./system/src/newlib/_startup.o
 .debug_frame   0x000000dc       0x50 ./system/src/newlib/_syscalls.o
 .debug_frame   0x0000012c       0x94 ./system/src/diag/Trace.o
 .debug_frame   0x000001c0       0x60 ./system/src/diag/trace_impl.o
 .debug_frame   0x00000220       0x40 ./system/src/cortexm/_initialize_hardware.o
 .debug_frame   0x00000260      0x158 ./system/src/cortexm/exception_handlers.o
 .debug_frame   0x000003b8       0x30 ./system/src/cmsis/system_stm32f4xx.o
 .debug_frame   0x000003e8       0x20 ./system/src/cmsis/vectors_stm32f407xx.o
 .debug_frame   0x00000408       0x50 ./src/clk.o
 .debug_frame   0x00000458      0x114 ./src/gpio.o
 .debug_frame   0x0000056c       0x28 ./src/main.o
 .debug_frame   0x00000594       0x30 ./src/system_setup.o
 .debug_frame   0x000005c4       0x64 ./src/timer.o
 .debug_frame   0x00000628      0x180 ./src/uart.o
 .debug_frame   0x000007a8       0x20 /home/marko/Programming/arm-gcc/gcc-arm-none-eabi-4_9-2015q3/bin/../lib/gcc/arm-none-eabi/4.9.3/../../../../arm-none-eabi/lib/armv7e-m/libg.a(lib_a-errno.o)
 .debug_frame   0x000007c8       0x20 /home/marko/Programming/arm-gcc/gcc-arm-none-eabi-4_9-2015q3/bin/../lib/gcc/arm-none-eabi/4.9.3/../../../../arm-none-eabi/lib/armv7e-m/libg.a(lib_a-strlen.o)
 .debug_frame   0x000007e8       0x60 /home/marko/Programming/arm-gcc/gcc-arm-none-eabi-4_9-2015q3/bin/../lib/gcc/arm-none-eabi/4.9.3/../../../../arm-none-eabi/lib/armv7e-m/libg.a(lib_a-vsnprintf.o)
 .debug_frame   0x00000848       0x40 /home/marko/Programming/arm-gcc/gcc-arm-none-eabi-4_9-2015q3/bin/../lib/gcc/arm-none-eabi/4.9.3/../../../../arm-none-eabi/lib/armv7e-m/libg.a(lib_a-svfprintf.o)
 .debug_frame   0x00000888       0x88 /home/marko/Programming/arm-gcc/gcc-arm-none-eabi-4_9-2015q3/bin/../lib/gcc/arm-none-eabi/4.9.3/../../../../arm-none-eabi/lib/armv7e-m/libg.a(lib_a-dtoa.o)
 .debug_frame   0x00000910       0x9c /home/marko/Programming/arm-gcc/gcc-arm-none-eabi-4_9-2015q3/bin/../lib/gcc/arm-none-eabi/4.9.3/../../../../arm-none-eabi/lib/armv7e-m/libg.a(lib_a-locale.o)
 .debug_frame   0x000009ac       0x58 /home/marko/Programming/arm-gcc/gcc-arm-none-eabi-4_9-2015q3/bin/../lib/gcc/arm-none-eabi/4.9.3/../../../../arm-none-eabi/lib/armv7e-m/libg.a(lib_a-mallocr.o)
 .debug_frame   0x00000a04       0x3c /home/marko/Programming/arm-gcc/gcc-arm-none-eabi-4_9-2015q3/bin/../lib/gcc/arm-none-eabi/4.9.3/../../../../arm-none-eabi/lib/armv7e-m/libg.a(lib_a-memchr.o)
 .debug_frame   0x00000a40       0x30 /home/marko/Programming/arm-gcc/gcc-arm-none-eabi-4_9-2015q3/bin/../lib/gcc/arm-none-eabi/4.9.3/../../../../arm-none-eabi/lib/armv7e-m/libg.a(lib_a-mlock.o)
 .debug_frame   0x00000a70      0x268 /home/marko/Programming/arm-gcc/gcc-arm-none-eabi-4_9-2015q3/bin/../lib/gcc/arm-none-eabi/4.9.3/../../../../arm-none-eabi/lib/armv7e-m/libg.a(lib_a-mprec.o)
 .debug_frame   0x00000cd8       0x34 /home/marko/Programming/arm-gcc/gcc-arm-none-eabi-4_9-2015q3/bin/../lib/gcc/arm-none-eabi/4.9.3/../../../../arm-none-eabi/lib/armv7e-m/libg.a(lib_a-s_fpclassify.o)
 .debug_frame   0x00000d0c       0x2c /home/marko/Programming/arm-gcc/gcc-arm-none-eabi-4_9-2015q3/bin/../lib/gcc/arm-none-eabi/4.9.3/../../../../arm-none-eabi/lib/armv7e-m/libg.a(lib_a-sbrkr.o)
 .debug_frame   0x00000d38       0x78 /home/marko/Programming/arm-gcc/gcc-arm-none-eabi-4_9-2015q3/bin/../lib/gcc/arm-none-eabi/4.9.3/../../../../arm-none-eabi/lib/armv7e-m/libg.a(lib_a-svfiprintf.o)
 .debug_frame   0x00000db0       0x28 /home/marko/Programming/arm-gcc/gcc-arm-none-eabi-4_9-2015q3/bin/../lib/gcc/arm-none-eabi/4.9.3/../../../../arm-none-eabi/lib/armv7e-m/libg.a(lib_a-callocr.o)
 .debug_frame   0x00000dd8       0x74 /home/marko/Programming/arm-gcc/gcc-arm-none-eabi-4_9-2015q3/bin/../lib/gcc/arm-none-eabi/4.9.3/../../../../arm-none-eabi/lib/armv7e-m/libg.a(lib_a-freer.o)
 .debug_frame   0x00000e4c       0x30 /home/marko/Programming/arm-gcc/gcc-arm-none-eabi-4_9-2015q3/bin/../lib/gcc/arm-none-eabi/4.9.3/../../../../arm-none-eabi/lib/armv7e-m/libg.a(lib_a-memmove.o)
 .debug_frame   0x00000e7c       0x34 /home/marko/Programming/arm-gcc/gcc-arm-none-eabi-4_9-2015q3/bin/../lib/gcc/arm-none-eabi/4.9.3/../../../../arm-none-eabi/lib/armv7e-m/libg.a(lib_a-memset.o)
 .debug_frame   0x00000eb0       0x60 /home/marko/Programming/arm-gcc/gcc-arm-none-eabi-4_9-2015q3/bin/../lib/gcc/arm-none-eabi/4.9.3/../../../../arm-none-eabi/lib/armv7e-m/libg.a(lib_a-reallocr.o)
 .debug_frame   0x00000f10       0x28 /home/marko/Programming/arm-gcc/gcc-arm-none-eabi-4_9-2015q3/bin/../lib/gcc/arm-none-eabi/4.9.3/armv7e-m/libgcc.a(_aeabi_uldivmod.o)
 .debug_frame   0x00000f38       0x50 /home/marko/Programming/arm-gcc/gcc-arm-none-eabi-4_9-2015q3/bin/../lib/gcc/arm-none-eabi/4.9.3/armv7e-m/libgcc.a(bpabi.o)
 .debug_frame   0x00000f88       0x34 /home/marko/Programming/arm-gcc/gcc-arm-none-eabi-4_9-2015q3/bin/../lib/gcc/arm-none-eabi/4.9.3/armv7e-m/libgcc.a(_divdi3.o)
 .debug_frame   0x00000fbc       0x30 /home/marko/Programming/arm-gcc/gcc-arm-none-eabi-4_9-2015q3/bin/../lib/gcc/arm-none-eabi/4.9.3/armv7e-m/libgcc.a(_udivdi3.o)

.debug_str      0x00000000    0xa1f4e
 *(.debug_str)
 .debug_str     0x00000000     0x5ebf ./system/src/newlib/_exit.o
                               0x6031 (size before relaxing)
 .debug_str     0x00005ebf      0x4de ./system/src/newlib/_sbrk.o
                               0x5442 (size before relaxing)
 .debug_str     0x0000639d      0xc2b ./system/src/newlib/_startup.o
                               0x5080 (size before relaxing)
 .debug_str     0x00006fc8     0x11be ./system/src/newlib/_syscalls.o
                               0x6642 (size before relaxing)
 .debug_str     0x00008186      0x9c9 ./system/src/diag/Trace.o
                               0x6952 (size before relaxing)
 .debug_str     0x00008b4f    0x97be0 ./system/src/diag/trace_impl.o
                              0x9ee43 (size before relaxing)
 .debug_str     0x000a072f       0xbc ./system/src/cortexm/_initialize_hardware.o
                              0x9dc55 (size before relaxing)
 .debug_str     0x000a07eb      0x1a8 ./system/src/cortexm/exception_handlers.o
                              0x9efca (size before relaxing)
 .debug_str     0x000a0993      0x16c ./system/src/cmsis/system_stm32f4xx.o
                              0x9dd3e (size before relaxing)
 .debug_str     0x000a0aff       0x59 ./system/src/cmsis/vectors_stm32f407xx.o
                               0x3092 (size before relaxing)
 .debug_str     0x000a0b58      0x322 ./src/clk.o
                              0x9df9e (size before relaxing)
 .debug_str     0x000a0e7a      0x76e ./src/gpio.o
                              0x9e3ca (size before relaxing)
 .debug_str     0x000a15e8       0x52 ./src/main.o
                              0x9e40d (size before relaxing)
 .debug_str     0x000a163a       0x4e ./src/system_setup.o
                              0x9e4ca (size before relaxing)
 .debug_str     0x000a1688      0x59d ./src/timer.o
                              0x9e855 (size before relaxing)
 .debug_str     0x000a1c25      0x329 ./src/uart.o
                              0x9eb23 (size before relaxing)

.debug_loc      0x00000000      0xf40
 *(.debug_loc)
 .debug_loc     0x00000000       0x82 ./system/src/newlib/_sbrk.o
 .debug_loc     0x00000082      0x36e ./system/src/newlib/_startup.o
 .debug_loc     0x000003f0       0x63 ./system/src/newlib/_syscalls.o
 .debug_loc     0x00000453       0xf7 ./system/src/diag/Trace.o
 .debug_loc     0x0000054a      0x17c ./system/src/diag/trace_impl.o
 .debug_loc     0x000006c6      0x2a8 ./system/src/cortexm/exception_handlers.o
 .debug_loc     0x0000096e      0x137 ./system/src/cmsis/system_stm32f4xx.o
 .debug_loc     0x00000aa5       0xb1 ./src/clk.o
 .debug_loc     0x00000b56      0x286 ./src/gpio.o
 .debug_loc     0x00000ddc       0x42 ./src/timer.o
 .debug_loc     0x00000e1e      0x122 ./src/uart.o

.debug_macinfo
 *(.debug_macinfo)

.debug_weaknames
 *(.debug_weaknames)

.debug_funcnames
 *(.debug_funcnames)

.debug_typenames
 *(.debug_typenames)

.debug_varnames
 *(.debug_varnames)
OUTPUT(rs485-beaglebone.elf elf32-littlearm)

.debug_ranges   0x00000000      0x318
 .debug_ranges  0x00000000       0x18 ./system/src/newlib/_exit.o
 .debug_ranges  0x00000018       0x10 ./system/src/newlib/_sbrk.o
 .debug_ranges  0x00000028       0x30 ./system/src/newlib/_startup.o
 .debug_ranges  0x00000058       0x20 ./system/src/newlib/_syscalls.o
 .debug_ranges  0x00000078       0x28 ./system/src/diag/Trace.o
 .debug_ranges  0x000000a0       0x38 ./system/src/diag/trace_impl.o
 .debug_ranges  0x000000d8       0x18 ./system/src/cortexm/_initialize_hardware.o
 .debug_ranges  0x000000f0       0x98 ./system/src/cortexm/exception_handlers.o
 .debug_ranges  0x00000188       0x18 ./system/src/cmsis/system_stm32f4xx.o
 .debug_ranges  0x000001a0       0x10 ./system/src/cmsis/vectors_stm32f407xx.o
 .debug_ranges  0x000001b0       0x20 ./src/clk.o
 .debug_ranges  0x000001d0       0x70 ./src/gpio.o
 .debug_ranges  0x00000240       0x10 ./src/main.o
 .debug_ranges  0x00000250       0x10 ./src/system_setup.o
 .debug_ranges  0x00000260       0x28 ./src/timer.o
 .debug_ranges  0x00000288       0x90 ./src/uart.o

.debug_macro    0x00000000     0x4ac2
 .debug_macro   0x00000000      0x131 ./system/src/newlib/_exit.o
 .debug_macro   0x00000131      0x10e ./system/src/newlib/_exit.o
 .debug_macro   0x0000023f       0x86 ./system/src/newlib/_exit.o
 .debug_macro   0x000002c5       0x35 ./system/src/newlib/_exit.o
 .debug_macro   0x000002fa       0xed ./system/src/newlib/_sbrk.o
 .debug_macro   0x000003e7      0x16d ./system/src/newlib/_sbrk.o
 .debug_macro   0x00000554       0x10 ./system/src/newlib/_sbrk.o
 .debug_macro   0x00000564      0x23b ./system/src/newlib/_sbrk.o
 .debug_macro   0x0000079f       0xf7 ./system/src/newlib/_startup.o
 .debug_macro   0x00000896      0x89e ./system/src/newlib/_startup.o
 .debug_macro   0x00001134      0x1ad ./system/src/newlib/_syscalls.o
 .debug_macro   0x000012e1       0x1c ./system/src/newlib/_syscalls.o
 .debug_macro   0x000012fd       0x10 ./system/src/newlib/_syscalls.o
 .debug_macro   0x0000130d       0x10 ./system/src/newlib/_syscalls.o
 .debug_macro   0x0000131d       0x10 ./system/src/newlib/_syscalls.o
 .debug_macro   0x0000132d       0x10 ./system/src/newlib/_syscalls.o
 .debug_macro   0x0000133d       0x35 ./system/src/newlib/_syscalls.o
 .debug_macro   0x00001372      0x122 ./system/src/newlib/_syscalls.o
 .debug_macro   0x00001494       0x2e ./system/src/newlib/_syscalls.o
 .debug_macro   0x000014c2       0x82 ./system/src/newlib/_syscalls.o
 .debug_macro   0x00001544       0x2b ./system/src/newlib/_syscalls.o
 .debug_macro   0x0000156f      0x118 ./system/src/newlib/_syscalls.o
 .debug_macro   0x00001687      0x159 ./system/src/newlib/_syscalls.o
 .debug_macro   0x000017e0       0x16 ./system/src/newlib/_syscalls.o
 .debug_macro   0x000017f6      0x15e ./system/src/diag/Trace.o
 .debug_macro   0x00001954       0x52 ./system/src/diag/Trace.o
 .debug_macro   0x000019a6       0x16 ./system/src/diag/Trace.o
 .debug_macro   0x000019bc      0x4bd ./system/src/diag/trace_impl.o
 .debug_macro   0x00001e79       0x22 ./system/src/diag/trace_impl.o
 .debug_macro   0x00001e9b      0x481 ./system/src/cortexm/_initialize_hardware.o
 .debug_macro   0x0000231c      0x4d6 ./system/src/cortexm/exception_handlers.o
 .debug_macro   0x000027f2       0x3b ./system/src/cortexm/exception_handlers.o
 .debug_macro   0x0000282d      0x47d ./system/src/cmsis/system_stm32f4xx.o
 .debug_macro   0x00002caa       0x34 ./system/src/cmsis/vectors_stm32f407xx.o
 .debug_macro   0x00002cde      0x48a ./src/clk.o
 .debug_macro   0x00003168       0xac ./src/clk.o
 .debug_macro   0x00003214      0x48a ./src/gpio.o
 .debug_macro   0x0000369e      0x10c ./src/gpio.o
 .debug_macro   0x000037aa      0x4bf ./src/main.o
 .debug_macro   0x00003c69      0x4cf ./src/system_setup.o
 .debug_macro   0x00004138      0x498 ./src/timer.o
 .debug_macro   0x000045d0      0x4f2 ./src/uart.o
